../Core/Src/main.c:73:6:printMessage	120	static
../Core/Src/main.c:92:6:printMenu	24	static
../Core/Src/main.c:102:6:uart_tx_task	8	static
../Core/Src/main.c:121:5:main	8	static
../Core/Src/main.c:172:6:SystemClock_Config	88	static
../Core/Src/main.c:215:6:HAL_GPIO_EXTI_Callback	24	static
../Core/Src/main.c:233:6:HAL_UART_TxCpltCallback	16	static
../Core/Src/main.c:243:6:HAL_UART_RxCpltCallback	24	static
../Core/Src/main.c:288:6:HAL_TIM_PeriodElapsedCallback	16	static
../Core/Src/main.c:299:6:Error_Handler	4	static,ignoring_inline_asm
