../Core/Src/stm32g4xx_it.c:80:6:NMI_Handler	4	static
../Core/Src/stm32g4xx_it.c:95:6:HardFault_Handler	4	static
../Core/Src/stm32g4xx_it.c:110:6:MemManage_Handler	4	static
../Core/Src/stm32g4xx_it.c:125:6:BusFault_Handler	4	static
../Core/Src/stm32g4xx_it.c:140:6:UsageFault_Handler	4	static
../Core/Src/stm32g4xx_it.c:155:6:SVC_Handler	4	static
../Core/Src/stm32g4xx_it.c:168:6:DebugMon_Handler	4	static
../Core/Src/stm32g4xx_it.c:181:6:PendSV_Handler	4	static
../Core/Src/stm32g4xx_it.c:194:6:SysTick_Handler	8	static
../Core/Src/stm32g4xx_it.c:215:6:EXTI0_IRQHandler	8	static
../Core/Src/stm32g4xx_it.c:229:6:EXTI15_10_IRQHandler	8	static
../Core/Src/stm32g4xx_it.c:243:6:TIM6_DAC_IRQHandler	8	static
../Core/Src/stm32g4xx_it.c:255:6:lampeggioNormale	4	static
../Core/Src/stm32g4xx_it.c:259:6:lampeggioManutenzione	4	static
../Core/Src/stm32g4xx_it.c:263:6:HAL_TIM_PeriodElapsedCallback	16	static
../Core/Src/stm32g4xx_it.c:316:6:HAL_GPIO_EXTI_Callback	16	static
