../Core/Src/fsm_logic.c:84:8:FSM_init	16	static
../Core/Src/fsm_logic.c:110:8:FSM_step	24	static
../Core/Src/fsm_logic.c:142:13:printMessage	16	static
../Core/Src/fsm_logic.c:149:15:FSM_read_inputs	16	static
../Core/Src/fsm_logic.c:165:15:FSM_update_state	16	static
../Core/Src/fsm_logic.c:190:15:FSM_collect_code	4	static
../Core/Src/fsm_logic.c:201:15:FSM_check_code	16	static
../Core/Src/fsm_logic.c:219:15:FSM_correct_code	8	static
../Core/Src/fsm_logic.c:228:15:FSM_incorrect_code	8	static
../Core/Src/fsm_logic.c:242:6:HAL_UART_RxCpltCallback	32	static
../Core/Src/fsm_logic.c:269:6:HAL_UART_TxCpltCallback	16	static
