17:38:43 **** Build of configuration Debug for project FSMriconoscimentocodiceconautomaesteso ****
make -j14 all 
arm-none-eabi-gcc "../Core/Src/fsm_logic.c" -mcpu=cortex-m4 -std=gnu11 -g3 -DDEBUG -DUSE_HAL_DRIVER -DSTM32G474xx -c -I../Core/Inc -I../Drivers/STM32G4xx_HAL_Driver/Inc -I../Drivers/STM32G4xx_HAL_Driver/Inc/Legacy -I../Drivers/CMSIS/Device/ST/STM32G4xx/Include -I../Drivers/CMSIS/Include -O0 -ffunction-sections -fdata-sections -Wall -fstack-usage -fcyclomatic-complexity -MMD -MP -MF"Core/Src/fsm_logic.d" -MT"Core/Src/fsm_logic.o" --specs=nano.specs -mfpu=fpv4-sp-d16 -mfloat-abi=hard -mthumb -o "Core/Src/fsm_logic.o"
../Core/Src/fsm_logic.c: In function 'FSM_read_inputs':
../Core/Src/fsm_logic.c:150:16: warning: variable 'res' set but not used [-Wunused-but-set-variable]
  150 |         int8_t res = FSM_ERR;
      |                ^~~
arm-none-eabi-gcc -o "FSMriconoscimentocodiceconautomaesteso.elf" @"objects.list"   -mcpu=cortex-m4 -T"C:\Users\frank\Documents\Uni\Embedded\project location\fsm\FSMriconoscimentocodiceconautomaesteso\FSMriconoscimentocodiceconautomaesteso\STM32G474RETX_FLASH.ld" --specs=nosys.specs -Wl,-Map="FSMriconoscimentocodiceconautomaesteso.map" -Wl,--gc-sections -static --specs=nano.specs -mfpu=fpv4-sp-d16 -mfloat-abi=hard -mthumb -Wl,--start-group -lc -lm -Wl,--end-group
Finished building target: FSMriconoscimentocodiceconautomaesteso.elf
 
arm-none-eabi-size  FSMriconoscimentocodiceconautomaesteso.elf 
arm-none-eabi-objdump -h -S FSMriconoscimentocodiceconautomaesteso.elf  > "FSMriconoscimentocodiceconautomaesteso.list"
   text	   data	    bss	    dec	    hex	filename
  20040	     12	   1764	  21816	   5538	FSMriconoscimentocodiceconautomaesteso.elf
Finished building: default.size.stdout
 
Finished building: FSMriconoscimentocodiceconautomaesteso.list
 

17:38:44 Build Finished. 0 errors, 1 warnings. (took 1s.47ms)

