17:39:28 **** Incremental Build of configuration Debug for project lanternasemaforicaconServomotloreeConfigurazione ****
make -j14 all 
arm-none-eabi-gcc "../Core/Src/fsm_logic.c" -mcpu=cortex-m4 -std=gnu11 -g3 -DDEBUG -DUSE_HAL_DRIVER -DSTM32G474xx -c -I../Core/Inc -I../Drivers/STM32G4xx_HAL_Driver/Inc -I../Drivers/STM32G4xx_HAL_Driver/Inc/Legacy -I../Drivers/CMSIS/Device/ST/STM32G4xx/Include -I../Drivers/CMSIS/Include -O0 -ffunction-sections -fdata-sections -Wall -fstack-usage -fcyclomatic-complexity -MMD -MP -MF"Core/Src/fsm_logic.d" -MT"Core/Src/fsm_logic.o" --specs=nano.specs -mfpu=fpv4-sp-d16 -mfloat-abi=hard -mthumb -o "Core/Src/fsm_logic.o"
arm-none-eabi-gcc -o "lanternasemaforicaconServomotloreeConfigurazione.elf" @"objects.list"   -mcpu=cortex-m4 -T"C:\Users\frank\Documents\Uni\Embedded\project location\fsm\lanternasemaforicaconServomotloreeConfigurazione\lanternasemaforicaconServomotloreeConfigurazione\STM32G474RETX_FLASH.ld" --specs=nosys.specs -Wl,-Map="lanternasemaforicaconServomotloreeConfigurazione.map" -Wl,--gc-sections -static --specs=nano.specs -mfpu=fpv4-sp-d16 -mfloat-abi=hard -mthumb -Wl,--start-group -lc -lm -Wl,--end-group
Finished building target: lanternasemaforicaconServomotloreeConfigurazione.elf
 
arm-none-eabi-size  lanternasemaforicaconServomotloreeConfigurazione.elf 
arm-none-eabi-objdump -h -S lanternasemaforicaconServomotloreeConfigurazione.elf  > "lanternasemaforicaconServomotloreeConfigurazione.list"
   text	   data	    bss	    dec	    hex	filename
  30848	     92	   2348	  33288	   8208	lanternasemaforicaconServomotloreeConfigurazione.elf
Finished building: default.size.stdout
 
Finished building: lanternasemaforicaconServomotloreeConfigurazione.list
 

17:39:29 Build Finished. 0 errors, 0 warnings. (took 966ms)

