../Core/Src/fsm_logic.c:116:8:FSM_init	24	static
../Core/Src/fsm_logic.c:158:8:FSM_step	24	static
../Core/Src/fsm_logic.c:191:13:print_message	16	static
../Core/Src/fsm_logic.c:202:15:FSM_read_inputs	16	static
../Core/Src/fsm_logic.c:225:15:FSM_update_state	16	static
../Core/Src/fsm_logic.c:263:15:FSM_inactive	16	static
../Core/Src/fsm_logic.c:309:17:FSM_parse_seconds	8	static
../Core/Src/fsm_logic.c:314:15:FSM_config	8	static
../Core/Src/fsm_logic.c:354:15:FSM_verde_config	8	static
../Core/Src/fsm_logic.c:377:15:FSM_giallo_config	8	static
../Core/Src/fsm_logic.c:402:15:FSM_rosso_config	8	static
../Core/Src/fsm_logic.c:427:15:FSM_verde_on	16	static
../Core/Src/fsm_logic.c:459:15:FSM_giallo_on	16	static
../Core/Src/fsm_logic.c:487:15:FSM_rosso_on	16	static
../Core/Src/fsm_logic.c:519:6:HAL_TIM_PeriodElapsedCallback	16	static
../Core/Src/fsm_logic.c:524:6:HAL_GPIO_EXTI_Callback	16	static
../Core/Src/fsm_logic.c:527:6:HAL_UART_TxCpltCallback	16	static
../Core/Src/fsm_logic.c:533:6:HAL_UART_RxCpltCallback	16	static
