Archive member included to satisfy reference by file (symbol)

C:/ST/STM32CubeIDE_2.1.1/STM32CubeIDE/plugins/com.st.stm32cube.ide.mcu.externaltools.gnu-tools-for-stm32.14.3.rel1.win32_1.0.100.202602081740/tools/bin/../lib/gcc/arm-none-eabi/14.3.1/../../../../arm-none-eabi/lib/thumb/v7e-m+fp/hard\libc_nano.a(libc_a-exit.o)
                              C:/ST/STM32CubeIDE_2.1.1/STM32CubeIDE/plugins/com.st.stm32cube.ide.mcu.externaltools.gnu-tools-for-stm32.14.3.rel1.win32_1.0.100.202602081740/tools/bin/../lib/gcc/arm-none-eabi/14.3.1/../../../../arm-none-eabi/lib/thumb/v7e-m+fp/hard/crt0.o (exit)
C:/ST/STM32CubeIDE_2.1.1/STM32CubeIDE/plugins/com.st.stm32cube.ide.mcu.externaltools.gnu-tools-for-stm32.14.3.rel1.win32_1.0.100.202602081740/tools/bin/../lib/gcc/arm-none-eabi/14.3.1/../../../../arm-none-eabi/lib/thumb/v7e-m+fp/hard\libc_nano.a(libc_a-findfp.o)
                              C:/ST/STM32CubeIDE_2.1.1/STM32CubeIDE/plugins/com.st.stm32cube.ide.mcu.externaltools.gnu-tools-for-stm32.14.3.rel1.win32_1.0.100.202602081740/tools/bin/../lib/gcc/arm-none-eabi/14.3.1/../../../../arm-none-eabi/lib/thumb/v7e-m+fp/hard\libc_nano.a(libc_a-exit.o) (__stdio_exit_handler)
C:/ST/STM32CubeIDE_2.1.1/STM32CubeIDE/plugins/com.st.stm32cube.ide.mcu.externaltools.gnu-tools-for-stm32.14.3.rel1.win32_1.0.100.202602081740/tools/bin/../lib/gcc/arm-none-eabi/14.3.1/../../../../arm-none-eabi/lib/thumb/v7e-m+fp/hard\libc_nano.a(libc_a-fwalk.o)
                              C:/ST/STM32CubeIDE_2.1.1/STM32CubeIDE/plugins/com.st.stm32cube.ide.mcu.externaltools.gnu-tools-for-stm32.14.3.rel1.win32_1.0.100.202602081740/tools/bin/../lib/gcc/arm-none-eabi/14.3.1/../../../../arm-none-eabi/lib/thumb/v7e-m+fp/hard\libc_nano.a(libc_a-findfp.o) (_fwalk_sglue)
C:/ST/STM32CubeIDE_2.1.1/STM32CubeIDE/plugins/com.st.stm32cube.ide.mcu.externaltools.gnu-tools-for-stm32.14.3.rel1.win32_1.0.100.202602081740/tools/bin/../lib/gcc/arm-none-eabi/14.3.1/../../../../arm-none-eabi/lib/thumb/v7e-m+fp/hard\libc_nano.a(libc_a-stdio.o)
                              C:/ST/STM32CubeIDE_2.1.1/STM32CubeIDE/plugins/com.st.stm32cube.ide.mcu.externaltools.gnu-tools-for-stm32.14.3.rel1.win32_1.0.100.202602081740/tools/bin/../lib/gcc/arm-none-eabi/14.3.1/../../../../arm-none-eabi/lib/thumb/v7e-m+fp/hard\libc_nano.a(libc_a-findfp.o) (__sread)
C:/ST/STM32CubeIDE_2.1.1/STM32CubeIDE/plugins/com.st.stm32cube.ide.mcu.externaltools.gnu-tools-for-stm32.14.3.rel1.win32_1.0.100.202602081740/tools/bin/../lib/gcc/arm-none-eabi/14.3.1/../../../../arm-none-eabi/lib/thumb/v7e-m+fp/hard\libc_nano.a(libc_a-memset.o)
                              C:/ST/STM32CubeIDE_2.1.1/STM32CubeIDE/plugins/com.st.stm32cube.ide.mcu.externaltools.gnu-tools-for-stm32.14.3.rel1.win32_1.0.100.202602081740/tools/bin/../lib/gcc/arm-none-eabi/14.3.1/../../../../arm-none-eabi/lib/thumb/v7e-m+fp/hard/crt0.o (memset)
C:/ST/STM32CubeIDE_2.1.1/STM32CubeIDE/plugins/com.st.stm32cube.ide.mcu.externaltools.gnu-tools-for-stm32.14.3.rel1.win32_1.0.100.202602081740/tools/bin/../lib/gcc/arm-none-eabi/14.3.1/../../../../arm-none-eabi/lib/thumb/v7e-m+fp/hard\libc_nano.a(libc_a-closer.o)
                              C:/ST/STM32CubeIDE_2.1.1/STM32CubeIDE/plugins/com.st.stm32cube.ide.mcu.externaltools.gnu-tools-for-stm32.14.3.rel1.win32_1.0.100.202602081740/tools/bin/../lib/gcc/arm-none-eabi/14.3.1/../../../../arm-none-eabi/lib/thumb/v7e-m+fp/hard\libc_nano.a(libc_a-stdio.o) (_close_r)
C:/ST/STM32CubeIDE_2.1.1/STM32CubeIDE/plugins/com.st.stm32cube.ide.mcu.externaltools.gnu-tools-for-stm32.14.3.rel1.win32_1.0.100.202602081740/tools/bin/../lib/gcc/arm-none-eabi/14.3.1/../../../../arm-none-eabi/lib/thumb/v7e-m+fp/hard\libc_nano.a(libc_a-reent.o)
                              C:/ST/STM32CubeIDE_2.1.1/STM32CubeIDE/plugins/com.st.stm32cube.ide.mcu.externaltools.gnu-tools-for-stm32.14.3.rel1.win32_1.0.100.202602081740/tools/bin/../lib/gcc/arm-none-eabi/14.3.1/../../../../arm-none-eabi/lib/thumb/v7e-m+fp/hard\libc_nano.a(libc_a-closer.o) (errno)
C:/ST/STM32CubeIDE_2.1.1/STM32CubeIDE/plugins/com.st.stm32cube.ide.mcu.externaltools.gnu-tools-for-stm32.14.3.rel1.win32_1.0.100.202602081740/tools/bin/../lib/gcc/arm-none-eabi/14.3.1/../../../../arm-none-eabi/lib/thumb/v7e-m+fp/hard\libc_nano.a(libc_a-impure.o)
                              C:/ST/STM32CubeIDE_2.1.1/STM32CubeIDE/plugins/com.st.stm32cube.ide.mcu.externaltools.gnu-tools-for-stm32.14.3.rel1.win32_1.0.100.202602081740/tools/bin/../lib/gcc/arm-none-eabi/14.3.1/../../../../arm-none-eabi/lib/thumb/v7e-m+fp/hard\libc_nano.a(libc_a-reent.o) (_impure_ptr)
C:/ST/STM32CubeIDE_2.1.1/STM32CubeIDE/plugins/com.st.stm32cube.ide.mcu.externaltools.gnu-tools-for-stm32.14.3.rel1.win32_1.0.100.202602081740/tools/bin/../lib/gcc/arm-none-eabi/14.3.1/../../../../arm-none-eabi/lib/thumb/v7e-m+fp/hard\libc_nano.a(libc_a-lseekr.o)
[...]
Memory Configuration

Name             Origin             Length             Attributes
RAM              0x20000000         0x00020000         xrw
FLASH            0x08000000         0x00080000         xr
*default*        0x00000000         0xffffffff

Linker script and memory map

LOAD C:/ST/STM32CubeIDE_2.1.1/STM32CubeIDE/plugins/com.st.stm32cube.ide.mcu.externaltools.gnu-tools-for-stm32.14.3.rel1.win32_1.0.100.202602081740/tools/bin/../lib/gcc/arm-none-eabi/14.3.1/thumb/v7e-m+fp/hard/crti.o
LOAD C:/ST/STM32CubeIDE_2.1.1/STM32CubeIDE/plugins/com.st.stm32cube.ide.mcu.externaltools.gnu-tools-for-stm32.14.3.rel1.win32_1.0.100.202602081740/tools/bin/../lib/gcc/arm-none-eabi/14.3.1/thumb/v7e-m+fp/hard/crtbegin.o
LOAD C:/ST/STM32CubeIDE_2.1.1/STM32CubeIDE/plugins/com.st.stm32cube.ide.mcu.externaltools.gnu-tools-for-stm32.14.3.rel1.win32_1.0.100.202602081740/tools/bin/../lib/gcc/arm-none-eabi/14.3.1/../../../../arm-none-eabi/lib/thumb/v7e-m+fp/hard/crt0.o
LOAD ./Core/Src/button.o
LOAD ./Core/Src/fsm_logic.o
LOAD ./Core/Src/gpio.o
LOAD ./Core/Src/led.o
LOAD ./Core/Src/main.o
LOAD ./Core/Src/queue.o
LOAD ./Core/Src/stm32g4xx_hal_msp.o
LOAD ./Core/Src/stm32g4xx_it.o
LOAD ./Core/Src/syscalls.o
LOAD ./Core/Src/sysmem.o
LOAD ./Core/Src/system_stm32g4xx.o
LOAD ./Core/Src/tim.o
LOAD ./Core/Src/timer.o
LOAD ./Core/Startup/startup_stm32g474retx.o
LOAD ./Drivers/STM32G4xx_HAL_Driver/Src/stm32g4xx_hal.o
LOAD ./Drivers/STM32G4xx_HAL_Driver/Src/stm32g4xx_hal_cortex.o
LOAD ./Drivers/STM32G4xx_HAL_Driver/Src/stm32g4xx_hal_dma.o
LOAD ./Drivers/STM32G4xx_HAL_Driver/Src/stm32g4xx_hal_dma_ex.o
LOAD ./Drivers/STM32G4xx_HAL_Driver/Src/stm32g4xx_hal_exti.o
LOAD ./Drivers/STM32G4xx_HAL_Driver/Src/stm32g4xx_hal_flash.o
LOAD ./Drivers/STM32G4xx_HAL_Driver/Src/stm32g4xx_hal_flash_ex.o
LOAD ./Drivers/STM32G4xx_HAL_Driver/Src/stm32g4xx_hal_flash_ramfunc.o
LOAD ./Drivers/STM32G4xx_HAL_Driver/Src/stm32g4xx_hal_gpio.o
LOAD ./Drivers/STM32G4xx_HAL_Driver/Src/stm32g4xx_hal_pwr.o
LOAD ./Drivers/STM32G4xx_HAL_Driver/Src/stm32g4xx_hal_pwr_ex.o
LOAD ./Drivers/STM32G4xx_HAL_Driver/Src/stm32g4xx_hal_rcc.o
LOAD ./Drivers/STM32G4xx_HAL_Driver/Src/stm32g4xx_hal_rcc_ex.o
LOAD ./Drivers/STM32G4xx_HAL_Driver/Src/stm32g4xx_hal_tim.o
LOAD ./Drivers/STM32G4xx_HAL_Driver/Src/stm32g4xx_hal_tim_ex.o
START GROUP
LOAD C:/ST/STM32CubeIDE_2.1.1/STM32CubeIDE/plugins/com.st.stm32cube.ide.mcu.externaltools.gnu-tools-for-stm32.14.3.rel1.win32_1.0.100.202602081740/tools/bin/../lib/gcc/arm-none-eabi/14.3.1/../../../../arm-none-eabi/lib/thumb/v7e-m+fp/hard\libc_nano.a
LOAD C:/ST/STM32CubeIDE_2.1.1/STM32CubeIDE/plugins/com.st.stm32cube.ide.mcu.externaltools.gnu-tools-for-stm32.14.3.rel1.win32_1.0.100.202602081740/tools/bin/../lib/gcc/arm-none-eabi/14.3.1/../../../../arm-none-eabi/lib/thumb/v7e-m+fp/hard\libm.a
END GROUP
START GROUP
LOAD C:/ST/STM32CubeIDE_2.1.1/STM32CubeIDE/plugins/com.st.stm32cube.ide.mcu.externaltools.gnu-tools-for-stm32.14.3.rel1.win32_1.0.100.202602081740/tools/bin/../lib/gcc/arm-none-eabi/14.3.1/thumb/v7e-m+fp/hard\libgcc.a
LOAD C:/ST/STM32CubeIDE_2.1.1/STM32CubeIDE/plugins/com.st.stm32cube.ide.mcu.externaltools.gnu-tools-for-stm32.14.3.rel1.win32_1.0.100.202602081740/tools/bin/../lib/gcc/arm-none-eabi/14.3.1/../../../../arm-none-eabi/lib/thumb/v7e-m+fp/hard\libc_nano.a
END GROUP
START GROUP
LOAD C:/ST/STM32CubeIDE_2.1.1/STM32CubeIDE/plugins/com.st.stm32cube.ide.mcu.externaltools.gnu-tools-for-stm32.14.3.rel1.win32_1.0.100.202602081740/tools/bin/../lib/gcc/arm-none-eabi/14.3.1/thumb/v7e-m+fp/hard\libgcc.a
LOAD C:/ST/STM32CubeIDE_2.1.1/STM32CubeIDE/plugins/com.st.stm32cube.ide.mcu.externaltools.gnu-tools-for-stm32.14.3.rel1.win32_1.0.100.202602081740/tools/bin/../lib/gcc/arm-none-eabi/14.3.1/../../../../arm-none-eabi/lib/thumb/v7e-m+fp/hard\libc_nano.a
LOAD C:/ST/STM32CubeIDE_2.1.1/STM32CubeIDE/plugins/com.st.stm32cube.ide.mcu.externaltools.gnu-tools-for-stm32.14.3.rel1.win32_1.0.100.202602081740/tools/bin/../lib/gcc/arm-none-eabi/14.3.1/../../../../arm-none-eabi/lib/thumb/v7e-m+fp/hard\libnosys.a
END GROUP
START GROUP
LOAD C:/ST/STM32CubeIDE_2.1.1/STM32CubeIDE/plugins/com.st.stm32cube.ide.mcu.externaltools.gnu-tools-for-stm32.14.3.rel1.win32_1.0.100.202602081740/tools/bin/../lib/gcc/arm-none-eabi/14.3.1/thumb/v7e-m+fp/hard\libgcc.a
LOAD C:/ST/STM32CubeIDE_2.1.1/STM32CubeIDE/plugins/com.st.stm32cube.ide.mcu.externaltools.gnu-tools-for-stm32.14.3.rel1.win32_1.0.100.202602081740/tools/bin/../lib/gcc/arm-none-eabi/14.3.1/../../../../arm-none-eabi/lib/thumb/v7e-m+fp/hard\libc_nano.a
LOAD C:/ST/STM32CubeIDE_2.1.1/STM32CubeIDE/plugins/com.st.stm32cube.ide.mcu.externaltools.gnu-tools-for-stm32.14.3.rel1.win32_1.0.100.202602081740/tools/bin/../lib/gcc/arm-none-eabi/14.3.1/../../../../arm-none-eabi/lib/thumb/v7e-m+fp/hard\libnosys.a
END GROUP
LOAD C:/ST/STM32CubeIDE_2.1.1/STM32CubeIDE/plugins/com.st.stm32cube.ide.mcu.externaltools.gnu-tools-for-stm32.14.3.rel1.win32_1.0.100.202602081740/tools/bin/../lib/gcc/arm-none-eabi/14.3.1/thumb/v7e-m+fp/hard/crtend.o
LOAD C:/ST/STM32CubeIDE_2.1.1/STM32CubeIDE/plugins/com.st.stm32cube.ide.mcu.externaltools.gnu-tools-for-stm32.14.3.rel1.win32_1.0.100.202602081740/tools/bin/../lib/gcc/arm-none-eabi/14.3.1/thumb/v7e-m+fp/hard/crtn.o
                0x20020000                        _estack = (ORIGIN (RAM) + LENGTH (RAM))
                0x00000200                        _Min_Heap_Size = 0x200
                0x00000400                        _Min_Stack_Size = 0x400

.isr_vector     0x08000000      0x1d8
                0x08000000                        . = ALIGN (0x4)
 *(.isr_vector)
 .isr_vector    0x08000000      0x1d8 ./Core/Startup/startup_stm32g474retx.o
                0x08000000                g_pfnVectors
                0x080001d8                        . = ALIGN (0x4)

.text           0x080001d8     0x3f68
                0x080001d8                        . = ALIGN (0x4)
 *(.text)
 .text          0x080001d8       0x40 C:/ST/STM32CubeIDE_2.1.1/STM32CubeIDE/plugins/com.st.stm32cube.ide.mcu.externaltools.gnu-tools-for-stm32.14.3.rel1.win32_1.0.100.202602081740/tools/bin/../lib/gcc/arm-none-eabi/14.3.1/thumb/v7e-m+fp/hard/crtbegin.o
 .text          0x08000218       0x30 C:/ST/STM32CubeIDE_2.1.1/STM32CubeIDE/plugins/com.st.stm32cube.ide.mcu.externaltools.gnu-tools-for-stm32.14.3.rel1.win32_1.0.100.202602081740/tools/bin/../lib/gcc/arm-none-eabi/14.3.1/thumb/v7e-m+fp/hard\libgcc.a(_aeabi_uldivmod.o)
                0x08000218                __aeabi_uldivmod
 .text          0x08000248      0x2f8 C:/ST/STM32CubeIDE_2.1.1/STM32CubeIDE/plugins/com.st.stm32cube.ide.mcu.externaltools.gnu-tools-for-stm32.14.3.rel1.win32_1.0.100.202602081740/tools/bin/../lib/gcc/arm-none-eabi/14.3.1/thumb/v7e-m+fp/hard\libgcc.a(_udivmoddi4.o)
                0x08000248                __udivmoddi4
 .text          0x08000540        0x4 C:/ST/STM32CubeIDE_2.1.1/STM32CubeIDE/plugins/com.st.stm32cube.ide.mcu.externaltools.gnu-tools-for-stm32.14.3.rel1.win32_1.0.100.202602081740/tools/bin/../lib/gcc/arm-none-eabi/14.3.1/thumb/v7e-m+fp/hard\libgcc.a(_dvmd_tls.o)
                0x08000540                __aeabi_idiv0
                0x08000540                __aeabi_ldiv0
 *(.text*)
 .text.button_init
                0x08000544       0x58 ./Core/Src/button.o
                0x08000544                button_init
 .text.button_set_delay
                0x0800059c       0x2e ./Core/Src/button.o
                0x0800059c                button_set_delay
 .text.button_read
                0x080005ca       0xa0 ./Core/Src/button.o
                0x080005ca                button_read
 *fill*         0x0800066a        0x2 
 .text.FSM_init
                0x0800066c       0xac ./Core/Src/fsm_logic.o
                0x0800066c                FSM_init
 .text.FSM_step
                0x08000718       0x78 ./Core/Src/fsm_logic.o
                0x08000718                FSM_step
 .text.FSM_read_inputs
                0x08000790       0x50 ./Core/Src/fsm_logic.o
 .text.FSM_update_state
                0x080007e0       0x8c ./Core/Src/fsm_logic.o
 .text.FSM_inactive
                0x0800086c       0xdc ./Core/Src/fsm_logic.o
 .text.FSM_verde_on
                0x08000948       0xc4 ./Core/Src/fsm_logic.o
 .text.FSM_giallo_on
                0x08000a0c       0xd8 ./Core/Src/fsm_logic.o
 .text.FSM_rosso_on
                0x08000ae4       0xe8 ./Core/Src/fsm_logic.o
 .text.HAL_TIM_PeriodElapsedCallback
                0x08000bcc       0x20 ./Core/Src/fsm_logic.o
                0x08000bcc                HAL_TIM_PeriodElapsedCallback
 .text.MX_GPIO_Init
                0x08000bec       0x9c ./Core/Src/gpio.o
                0x08000bec                MX_GPIO_Init
 .text.led_init
                0x08000c88       0x60 ./Core/Src/led.o
                0x08000c88                led_init
 .text.led_write
                0x08000ce8       0x3e ./Core/Src/led.o
                0x08000ce8                led_write
 .text.led_on   0x08000d26       0x1a ./Core/Src/led.o
                0x08000d26                led_on
 .text.led_off  0x08000d40       0x1a ./Core/Src/led.o
                0x08000d40                led_off
 .text.led_set_toggle_period
                0x08000d5a       0x2e ./Core/Src/led.o
                0x08000d5a                led_set_toggle_period
 .text.led_toggle
                0x08000d88       0x64 ./Core/Src/led.o
                0x08000d88                led_toggle
 .text.main     0x08000dec      0x124 ./Core/Src/main.o
                0x08000dec                main
 .text.SystemClock_Config
                0x08000f10       0x80 ./Core/Src/main.o
                0x08000f10                SystemClock_Config
 .text.Error_Handler
                0x08000f90        0xc ./Core/Src/main.o
                0x08000f90                Error_Handler
 .text.HAL_MspInit
                0x08000f9c       0x48 ./Core/Src/stm32g4xx_hal_msp.o
                0x08000f9c                HAL_MspInit
 .text.NMI_Handler
                0x08000fe4        0x8 ./Core/Src/stm32g4xx_it.o
                0x08000fe4                NMI_Handler
 .text.HardFault_Handler
                0x08000fec        0x8 ./Core/Src/stm32g4xx_it.o
                0x08000fec                HardFault_Handler
 .text.MemManage_Handler
                0x08000ff4        0x8 ./Core/Src/stm32g4xx_it.o
                0x08000ff4                MemManage_Handler
 .text.BusFault_Handler
                0x08000ffc        0x8 ./Core/Src/stm32g4xx_it.o
                0x08000ffc                BusFault_Handler
 .text.UsageFault_Handler
                0x08001004        0x8 ./Core/Src/stm32g4xx_it.o
                0x08001004                UsageFault_Handler
 .text.SVC_Handler
                0x0800100c        0xe ./Core/Src/stm32g4xx_it.o
                0x0800100c                SVC_Handler
 .text.DebugMon_Handler
                0x0800101a        0xe ./Core/Src/stm32g4xx_it.o
                0x0800101a                DebugMon_Handler
 .text.PendSV_Handler
                0x08001028        0xe ./Core/Src/stm32g4xx_it.o
                0x08001028                PendSV_Handler
 .text.SysTick_Handler
                0x08001036        0xc ./Core/Src/stm32g4xx_it.o
                0x08001036                SysTick_Handler
 *fill*         0x08001042        0x2 
 .text.TIM2_IRQHandler
                0x08001044       0x14 ./Core/Src/stm32g4xx_it.o
                0x08001044                TIM2_IRQHandler
 .text.TIM6_DAC_IRQHandler
                0x08001058       0x14 ./Core/Src/stm32g4xx_it.o
                0x08001058                TIM6_DAC_IRQHandler
 .text.SystemInit
                0x0800106c       0x24 ./Core/Src/system_stm32g4xx.o
                0x0800106c                SystemInit
 .text.MX_TIM2_Init
                0x08001090       0xf0 ./Core/Src/tim.o
                0x08001090                MX_TIM2_Init
 .text.MX_TIM6_Init
                0x08001180       0x70 ./Core/Src/tim.o
                0x08001180                MX_TIM6_Init
 .text.HAL_TIM_Base_MspInit
                0x080011f0       0x80 ./Core/Src/tim.o
                0x080011f0                HAL_TIM_Base_MspInit
 .text.HAL_TIM_MspPostInit
                0x08001270       0x68 ./Core/Src/tim.o
                0x08001270                HAL_TIM_MspPostInit
 .text.timer_init
                0x080012d8       0x48 ./Core/Src/timer.o
                0x080012d8                timer_init
 .text.timer_start
                0x08001320       0x38 ./Core/Src/timer.o
                0x08001320                timer_start
 .text.timer_start_pwm
                0x08001358       0x40 ./Core/Src/timer.o
                0x08001358                timer_start_pwm
 .text.timer_stop
                0x08001398       0x38 ./Core/Src/timer.o
                0x08001398                timer_stop
 .text.timer_reset
                0x080013d0       0x42 ./Core/Src/timer.o
                0x080013d0                timer_reset
 .text.timer_is_elapsed
                0x08001412       0x28 ./Core/Src/timer.o
                0x08001412                timer_is_elapsed
 .text.timer_is_myhandler
                0x0800143a       0x40 ./Core/Src/timer.o
                0x0800143a                timer_is_myhandler
 .text.timer_set_duty_x10
                0x0800147a       0xf0 ./Core/Src/timer.o
                0x0800147a                timer_set_duty_x10
 .text.timer_set_period_ms
                0x0800156a      0x11c ./Core/Src/timer.o
                0x0800156a                timer_set_period_ms
 .text.timer_period_elapsed
                0x08001686       0x38 ./Core/Src/timer.o
                0x08001686                timer_period_elapsed
 *fill*         0x080016be        0x2 
 .text.Reset_Handler
                0x080016c0       0x50 ./Core/Startup/startup_stm32g474retx.o
                0x080016c0                Reset_Handler
 .text.Default_Handler
                0x08001710        0x2 ./Core/Startup/startup_stm32g474retx.o
                0x08001710                RTC_Alarm_IRQHandler
                0x08001710                EXTI2_IRQHandler
                0x08001710                TIM8_TRG_COM_IRQHandler
                0x08001710                TIM8_CC_IRQHandler
                0x08001710                HRTIM1_Master_IRQHandler
                0x08001710                SPI4_IRQHandler
                0x08001710                FDCAN3_IT0_IRQHandler
                0x08001710                TIM1_CC_IRQHandler
                0x08001710                HRTIM1_FLT_IRQHandler
                0x08001710                HRTIM1_TIMF_IRQHandler
                0x08001710                USB_HP_IRQHandler
                0x08001710                CORDIC_IRQHandler
                0x08001710                HRTIM1_TIMD_IRQHandler
                0x08001710                DMA2_Channel8_IRQHandler
                0x08001710                EXTI3_IRQHandler
                0x08001710                I2C3_ER_IRQHandler
                0x08001710                EXTI0_IRQHandler
                0x08001710                I2C2_EV_IRQHandler
                0x08001710                FPU_IRQHandler
                0x08001710                FDCAN1_IT1_IRQHandler
                0x08001710                TIM1_UP_TIM16_IRQHandler
                0x08001710                ADC1_2_IRQHandler
                0x08001710                HRTIM1_TIME_IRQHandler
                0x08001710                SPI1_IRQHandler
                0x08001710                HRTIM1_TIMC_IRQHandler
                0x08001710                TIM8_UP_IRQHandler
                0x08001710                DMA2_Channel2_IRQHandler
                0x08001710                DMA1_Channel4_IRQHandler
                0x08001710                TIM20_TRG_COM_IRQHandler
                0x08001710                USART3_IRQHandler
                0x08001710                DMA1_Channel7_IRQHandler
                0x08001710                UART5_IRQHandler
                0x08001710                ADC3_IRQHandler
                0x08001710                TIM4_IRQHandler
                0x08001710                DMA2_Channel1_IRQHandler
                0x08001710                QUADSPI_IRQHandler
                0x08001710                I2C1_EV_IRQHandler
                0x08001710                DMA1_Channel6_IRQHandler
                0x08001710                UART4_IRQHandler
                0x08001710                DMA2_Channel4_IRQHandler
                0x08001710                TIM3_IRQHandler
                0x08001710                RCC_IRQHandler
                0x08001710                TIM20_UP_IRQHandler
                0x08001710                DMA1_Channel1_IRQHandler
                0x08001710                Default_Handler
                0x08001710                DMA2_Channel7_IRQHandler
                0x08001710                RTC_TAMP_LSECSS_IRQHandler
                0x08001710                FMAC_IRQHandler
                0x08001710                EXTI15_10_IRQHandler
                0x08001710                DMA1_Channel8_IRQHandler
                0x08001710                HRTIM1_TIMA_IRQHandler
                0x08001710                TIM7_DAC_IRQHandler
                0x08001710                FDCAN3_IT1_IRQHandler
                0x08001710                TIM5_IRQHandler
                0x08001710                UCPD1_IRQHandler
                0x08001710                I2C3_EV_IRQHandler
                0x08001710                EXTI9_5_IRQHandler
                0x08001710                RTC_WKUP_IRQHandler
                0x08001710                PVD_PVM_IRQHandler
                0x08001710                SPI2_IRQHandler
                0x08001710                ADC5_IRQHandler
                0x08001710                DMA2_Channel5_IRQHandler
                0x08001710                CRS_IRQHandler
                0x08001710                DMA1_Channel5_IRQHandler
                0x08001710                USB_LP_IRQHandler
                0x08001710                EXTI4_IRQHandler
                0x08001710                RNG_IRQHandler
                0x08001710                HRTIM1_TIMB_IRQHandler
                0x08001710                TIM1_TRG_COM_TIM17_IRQHandler
                0x08001710                FDCAN2_IT1_IRQHandler
                0x08001710                DMA1_Channel3_IRQHandler
                0x08001710                ADC4_IRQHandler
                0x08001710                WWDG_IRQHandler
                0x08001710                I2C4_EV_IRQHandler
                0x08001710                FDCAN2_IT0_IRQHandler
                0x08001710                LPUART1_IRQHandler
                0x08001710                DMA2_Channel6_IRQHandler
                0x08001710                FDCAN1_IT0_IRQHandler
                0x08001710                COMP7_IRQHandler
                0x08001710                COMP1_2_3_IRQHandler
                0x08001710                EXTI1_IRQHandler
                0x08001710                USART2_IRQHandler
                0x08001710                COMP4_5_6_IRQHandler
                0x08001710                TIM20_BRK_IRQHandler
                0x08001710                I2C2_ER_IRQHandler
                0x08001710                DMA1_Channel2_IRQHandler
                0x08001710                TIM8_BRK_IRQHandler
                0x08001710                FLASH_IRQHandler
                0x08001710                TIM20_CC_IRQHandler
                0x08001710                USART1_IRQHandler
                0x08001710                SPI3_IRQHandler
                0x08001710                I2C1_ER_IRQHandler
                0x08001710                FMC_IRQHandler
                0x08001710                LPTIM1_IRQHandler
                0x08001710                DMAMUX_OVR_IRQHandler
                0x08001710                I2C4_ER_IRQHandler
                0x08001710                USBWakeUp_IRQHandler
                0x08001710                SAI1_IRQHandler
                0x08001710                DMA2_Channel3_IRQHandler
                0x08001710                TIM1_BRK_TIM15_IRQHandler
 .text.HAL_Init
                0x08001712       0x30 ./Drivers/STM32G4xx_HAL_Driver/Src/stm32g4xx_hal.o
                0x08001712                HAL_Init
 *fill*         0x08001742        0x2 
 .text.HAL_InitTick
                0x08001744       0x74 ./Drivers/STM32G4xx_HAL_Driver/Src/stm32g4xx_hal.o
                0x08001744                HAL_InitTick
 .text.HAL_IncTick
                0x080017b8       0x24 ./Drivers/STM32G4xx_HAL_Driver/Src/stm32g4xx_hal.o
                0x080017b8                HAL_IncTick
 .text.HAL_GetTick
                0x080017dc       0x18 ./Drivers/STM32G4xx_HAL_Driver/Src/stm32g4xx_hal.o
                0x080017dc                HAL_GetTick
 .text.HAL_Delay
                0x080017f4       0x44 ./Drivers/STM32G4xx_HAL_Driver/Src/stm32g4xx_hal.o
                0x080017f4                HAL_Delay
 .text.__NVIC_SetPriorityGrouping
                0x08001838       0x48 ./Drivers/STM32G4xx_HAL_Driver/Src/stm32g4xx_hal_cortex.o
 .text.__NVIC_GetPriorityGrouping
                0x08001880       0x1c ./Drivers/STM32G4xx_HAL_Driver/Src/stm32g4xx_hal_cortex.o
 .text.__NVIC_EnableIRQ
                0x0800189c       0x3c ./Drivers/STM32G4xx_HAL_Driver/Src/stm32g4xx_hal_cortex.o
 .text.__NVIC_SetPriority
                0x080018d8       0x54 ./Drivers/STM32G4xx_HAL_Driver/Src/stm32g4xx_hal_cortex.o
 .text.NVIC_EncodePriority
                0x0800192c       0x66 ./Drivers/STM32G4xx_HAL_Driver/Src/stm32g4xx_hal_cortex.o
 *fill*         0x08001992        0x2 
 .text.SysTick_Config
                0x08001994       0x44 ./Drivers/STM32G4xx_HAL_Driver/Src/stm32g4xx_hal_cortex.o
 .text.HAL_NVIC_SetPriorityGrouping
                0x080019d8       0x16 ./Drivers/STM32G4xx_HAL_Driver/Src/stm32g4xx_hal_cortex.o
                0x080019d8                HAL_NVIC_SetPriorityGrouping
 .text.HAL_NVIC_SetPriority
                0x080019ee       0x34 ./Drivers/STM32G4xx_HAL_Driver/Src/stm32g4xx_hal_cortex.o
                0x080019ee                HAL_NVIC_SetPriority
 .text.HAL_NVIC_EnableIRQ
                0x08001a22       0x1c ./Drivers/STM32G4xx_HAL_Driver/Src/stm32g4xx_hal_cortex.o
                0x08001a22                HAL_NVIC_EnableIRQ
 .text.HAL_SYSTICK_Config
                0x08001a3e       0x18 ./Drivers/STM32G4xx_HAL_Driver/Src/stm32g4xx_hal_cortex.o
                0x08001a3e                HAL_SYSTICK_Config
 *fill*         0x08001a56        0x2 
 .text.HAL_GPIO_Init
                0x08001a58      0x318 ./Drivers/STM32G4xx_HAL_Driver/Src/stm32g4xx_hal_gpio.o
                0x08001a58                HAL_GPIO_Init
 .text.HAL_GPIO_ReadPin
                0x08001d70       0x30 ./Drivers/STM32G4xx_HAL_Driver/Src/stm32g4xx_hal_gpio.o
                0x08001d70                HAL_GPIO_ReadPin
 .text.HAL_GPIO_WritePin
                0x08001da0       0x30 ./Drivers/STM32G4xx_HAL_Driver/Src/stm32g4xx_hal_gpio.o
                0x08001da0                HAL_GPIO_WritePin
 .text.HAL_PWREx_ControlVoltageScaling
                0x08001dd0      0x148 ./Drivers/STM32G4xx_HAL_Driver/Src/stm32g4xx_hal_pwr_ex.o
                0x08001dd0                HAL_PWREx_ControlVoltageScaling
 .text.HAL_PWREx_DisableUCPDDeadBattery
                0x08001f18       0x20 ./Drivers/STM32G4xx_HAL_Driver/Src/stm32g4xx_hal_pwr_ex.o
                0x08001f18                HAL_PWREx_DisableUCPDDeadBattery
 .text.HAL_RCC_OscConfig
                0x08001f38      0x624 ./Drivers/STM32G4xx_HAL_Driver/Src/stm32g4xx_hal_rcc.o
                0x08001f38                HAL_RCC_OscConfig
 .text.HAL_RCC_ClockConfig
                0x0800255c      0x278 ./Drivers/STM32G4xx_HAL_Driver/Src/stm32g4xx_hal_rcc.o
                0x0800255c                HAL_RCC_ClockConfig
 .text.HAL_RCC_GetSysClockFreq
                0x080027d4       0xc4 ./Drivers/STM32G4xx_HAL_Driver/Src/stm32g4xx_hal_rcc.o
                0x080027d4                HAL_RCC_GetSysClockFreq
 .text.RCC_GetSysClockFreqFromPLLSource
                0x08002898       0x8c ./Drivers/STM32G4xx_HAL_Driver/Src/stm32g4xx_hal_rcc.o
 .text.HAL_TIM_Base_Init
                0x08002924       0xae ./Drivers/STM32G4xx_HAL_Driver/Src/stm32g4xx_hal_tim.o
                0x08002924                HAL_TIM_Base_Init
 *fill*         0x080029d2        0x2 
 .text.HAL_TIM_Base_Start_IT
                0x080029d4       0xf0 ./Drivers/STM32G4xx_HAL_Driver/Src/stm32g4xx_hal_tim.o
                0x080029d4                HAL_TIM_Base_Start_IT
 .text.HAL_TIM_Base_Stop_IT
                0x08002ac4       0x60 ./Drivers/STM32G4xx_HAL_Driver/Src/stm32g4xx_hal_tim.o
                0x08002ac4                HAL_TIM_Base_Stop_IT
 .text.HAL_TIM_PWM_Init
                0x08002b24       0xae ./Drivers/STM32G4xx_HAL_Driver/Src/stm32g4xx_hal_tim.o
                0x08002b24                HAL_TIM_PWM_Init
 .text.HAL_TIM_PWM_MspInit
                0x08002bd2       0x14 ./Drivers/STM32G4xx_HAL_Driver/Src/stm32g4xx_hal_tim.o
                0x08002bd2                HAL_TIM_PWM_MspInit
 *fill*         0x08002be6        0x2 
 .text.HAL_TIM_PWM_Start
                0x08002be8      0x224 ./Drivers/STM32G4xx_HAL_Driver/Src/stm32g4xx_hal_tim.o
                0x08002be8                HAL_TIM_PWM_Start
 .text.HAL_TIM_IRQHandler
                0x08002e0c      0x29e ./Drivers/STM32G4xx_HAL_Driver/Src/stm32g4xx_hal_tim.o
                0x08002e0c                HAL_TIM_IRQHandler
 *fill*         0x080030aa        0x2 
 .text.HAL_TIM_PWM_ConfigChannel
                0x080030ac      0x228 ./Drivers/STM32G4xx_HAL_Driver/Src/stm32g4xx_hal_tim.o
                0x080030ac                HAL_TIM_PWM_ConfigChannel
 .text.HAL_TIM_ConfigClockSource
                0x080032d4      0x22c ./Drivers/STM32G4xx_HAL_Driver/Src/stm32g4xx_hal_tim.o
                0x080032d4                HAL_TIM_ConfigClockSource
 .text.HAL_TIM_OC_DelayElapsedCallback
                0x08003500       0x14 ./Drivers/STM32G4xx_HAL_Driver/Src/stm32g4xx_hal_tim.o
                0x08003500                HAL_TIM_OC_DelayElapsedCallback
 .text.HAL_TIM_IC_CaptureCallback
                0x08003514       0x14 ./Drivers/STM32G4xx_HAL_Driver/Src/stm32g4xx_hal_tim.o
                0x08003514                HAL_TIM_IC_CaptureCallback
 .text.HAL_TIM_PWM_PulseFinishedCallback
                0x08003528       0x14 ./Drivers/STM32G4xx_HAL_Driver/Src/stm32g4xx_hal_tim.o
                0x08003528                HAL_TIM_PWM_PulseFinishedCallback
 .text.HAL_TIM_TriggerCallback
                0x0800353c       0x14 ./Drivers/STM32G4xx_HAL_Driver/Src/stm32g4xx_hal_tim.o
                0x0800353c                HAL_TIM_TriggerCallback
 .text.TIM_Base_SetConfig
                0x08003550      0x15c ./Drivers/STM32G4xx_HAL_Driver/Src/stm32g4xx_hal_tim.o
                0x08003550                TIM_Base_SetConfig
 .text.TIM_OC1_SetConfig
                0x080036ac      0x138 ./Drivers/STM32G4xx_HAL_Driver/Src/stm32g4xx_hal_tim.o
 .text.TIM_OC2_SetConfig
                0x080037e4      0x12c ./Drivers/STM32G4xx_HAL_Driver/Src/stm32g4xx_hal_tim.o
                0x080037e4                TIM_OC2_SetConfig
 .text.TIM_OC3_SetConfig
                0x08003910      0x128 ./Drivers/STM32G4xx_HAL_Driver/Src/stm32g4xx_hal_tim.o
 .text.TIM_OC4_SetConfig
                0x08003a38      0x12c ./Drivers/STM32G4xx_HAL_Driver/Src/stm32g4xx_hal_tim.o
 .text.TIM_OC5_SetConfig
                0x08003b64       0xd4 ./Drivers/STM32G4xx_HAL_Driver/Src/stm32g4xx_hal_tim.o
 .text.TIM_OC6_SetConfig
                0x08003c38       0xd8 ./Drivers/STM32G4xx_HAL_Driver/Src/stm32g4xx_hal_tim.o
 .text.TIM_TI1_ConfigInputStage
                0x08003d10       0xb4 ./Drivers/STM32G4xx_HAL_Driver/Src/stm32g4xx_hal_tim.o
 .text.TIM_TI2_ConfigInputStage
                0x08003dc4       0x90 ./Drivers/STM32G4xx_HAL_Driver/Src/stm32g4xx_hal_tim.o
 .text.TIM_ITRx_SetConfig
                0x08003e54       0x3a ./Drivers/STM32G4xx_HAL_Driver/Src/stm32g4xx_hal_tim.o
 .text.TIM_ETR_SetConfig
                0x08003e8e       0x40 ./Drivers/STM32G4xx_HAL_Driver/Src/stm32g4xx_hal_tim.o
                0x08003e8e                TIM_ETR_SetConfig
 .text.TIM_CCxChannelCmd
                0x08003ece       0x4a ./Drivers/STM32G4xx_HAL_Driver/Src/stm32g4xx_hal_tim.o
                0x08003ece                TIM_CCxChannelCmd
 .text.HAL_TIMEx_MasterConfigSynchronization
                0x08003f18      0x12c ./Drivers/STM32G4xx_HAL_Driver/Src/stm32g4xx_hal_tim_ex.o
                0x08003f18                HAL_TIMEx_MasterConfigSynchronization
 .text.HAL_TIMEx_CommutCallback
                0x08004044       0x14 ./Drivers/STM32G4xx_HAL_Driver/Src/stm32g4xx_hal_tim_ex.o
                0x08004044                HAL_TIMEx_CommutCallback
 .text.HAL_TIMEx_BreakCallback
                0x08004058       0x14 ./Drivers/STM32G4xx_HAL_Driver/Src/stm32g4xx_hal_tim_ex.o
                0x08004058                HAL_TIMEx_BreakCallback
 .text.HAL_TIMEx_Break2Callback
                0x0800406c       0x14 ./Drivers/STM32G4xx_HAL_Driver/Src/stm32g4xx_hal_tim_ex.o
                0x0800406c                HAL_TIMEx_Break2Callback
 .text.HAL_TIMEx_EncoderIndexCallback
                0x08004080       0x14 ./Drivers/STM32G4xx_HAL_Driver/Src/stm32g4xx_hal_tim_ex.o
                0x08004080                HAL_TIMEx_EncoderIndexCallback
 .text.HAL_TIMEx_DirectionChangeCallback
                0x08004094       0x14 ./Drivers/STM32G4xx_HAL_Driver/Src/stm32g4xx_hal_tim_ex.o
                0x08004094                HAL_TIMEx_DirectionChangeCallback
 .text.HAL_TIMEx_IndexErrorCallback
                0x080040a8       0x14 ./Drivers/STM32G4xx_HAL_Driver/Src/stm32g4xx_hal_tim_ex.o
                0x080040a8                HAL_TIMEx_IndexErrorCallback
 .text.HAL_TIMEx_TransitionErrorCallback
                0x080040bc       0x14 ./Drivers/STM32G4xx_HAL_Driver/Src/stm32g4xx_hal_tim_ex.o
                0x080040bc                HAL_TIMEx_TransitionErrorCallback
 .text.memset   0x080040d0       0x10 C:/ST/STM32CubeIDE_2.1.1/STM32CubeIDE/plugins/com.st.stm32cube.ide.mcu.externaltools.gnu-tools-for-stm32.14.3.rel1.win32_1.0.100.202602081740/tools/bin/../lib/gcc/arm-none-eabi/14.3.1/../../../../arm-none-eabi/lib/thumb/v7e-m+fp/hard\libc_nano.a(libc_a-memset.o)
                0x080040d0                memset
 .text.__libc_init_array
                0x080040e0       0x48 C:/ST/STM32CubeIDE_2.1.1/STM32CubeIDE/plugins/com.st.stm32cube.ide.mcu.externaltools.gnu-tools-for-stm32.14.3.rel1.win32_1.0.100.202602081740/tools/bin/../lib/gcc/arm-none-eabi/14.3.1/../../../../arm-none-eabi/lib/thumb/v7e-m+fp/hard\libc_nano.a(libc_a-init.o)
                0x080040e0                __libc_init_array
 *(.glue_7)
 .glue_7        0x08004128        0x0 linker stubs
 *(.glue_7t)
 .glue_7t       0x08004128        0x0 linker stubs
 *(.eh_frame)
 .eh_frame      0x08004128        0x0 C:/ST/STM32CubeIDE_2.1.1/STM32CubeIDE/plugins/com.st.stm32cube.ide.mcu.externaltools.gnu-tools-for-stm32.14.3.rel1.win32_1.0.100.202602081740/tools/bin/../lib/gcc/arm-none-eabi/14.3.1/thumb/v7e-m+fp/hard/crtbegin.o
 *(.init)
 .init          0x08004128        0x4 C:/ST/STM32CubeIDE_2.1.1/STM32CubeIDE/plugins/com.st.stm32cube.ide.mcu.externaltools.gnu-tools-for-stm32.14.3.rel1.win32_1.0.100.202602081740/tools/bin/../lib/gcc/arm-none-eabi/14.3.1/thumb/v7e-m+fp/hard/crti.o
                0x08004128                _init
 .init          0x0800412c        0x8 C:/ST/STM32CubeIDE_2.1.1/STM32CubeIDE/plugins/com.st.stm32cube.ide.mcu.externaltools.gnu-tools-for-stm32.14.3.rel1.win32_1.0.100.202602081740/tools/bin/../lib/gcc/arm-none-eabi/14.3.1/thumb/v7e-m+fp/hard/crtn.o
 *(.fini)
 .fini          0x08004134        0x4 C:/ST/STM32CubeIDE_2.1.1/STM32CubeIDE/plugins/com.st.stm32cube.ide.mcu.externaltools.gnu-tools-for-stm32.14.3.rel1.win32_1.0.100.202602081740/tools/bin/../lib/gcc/arm-none-eabi/14.3.1/thumb/v7e-m+fp/hard/crti.o
                0x08004134                _fini
 .fini          0x08004138        0x8 C:/ST/STM32CubeIDE_2.1.1/STM32CubeIDE/plugins/com.st.stm32cube.ide.mcu.externaltools.gnu-tools-for-stm32.14.3.rel1.win32_1.0.100.202602081740/tools/bin/../lib/gcc/arm-none-eabi/14.3.1/thumb/v7e-m+fp/hard/crtn.o
                0x08004140                        . = ALIGN (0x4)
                0x08004140                        _etext = .

.vfp11_veneer   0x08004140        0x0
 .vfp11_veneer  0x08004140        0x0 linker stubs

.v4_bx          0x08004140        0x0
 .v4_bx         0x08004140        0x0 linker stubs

.iplt           0x08004140        0x0
 .iplt          0x08004140        0x0 C:/ST/STM32CubeIDE_2.1.1/STM32CubeIDE/plugins/com.st.stm32cube.ide.mcu.externaltools.gnu-tools-for-stm32.14.3.rel1.win32_1.0.100.202602081740/tools/bin/../lib/gcc/arm-none-eabi/14.3.1/thumb/v7e-m+fp/hard/crtbegin.o

.rodata         0x08004140       0x10
                0x08004140                        . = ALIGN (0x4)
 *(.rodata)
 *(.rodata*)
 .rodata.AHBPrescTable
                0x08004140       0x10 ./Core/Src/system_stm32g4xx.o
                0x08004140                AHBPrescTable
                0x08004150                        . = ALIGN (0x4)

.ARM.extab      0x08004150        0x0
                0x08004150                        . = ALIGN (0x4)
 *(.ARM.extab* .gnu.linkonce.armextab.*)
                0x08004150                        . = ALIGN (0x4)

.ARM            0x08004150        0x8
                0x08004150                        . = ALIGN (0x4)
                0x08004150                        __exidx_start = .
 *(.ARM.exidx*)
 .ARM.exidx     0x08004150        0x8 C:/ST/STM32CubeIDE_2.1.1/STM32CubeIDE/plugins/com.st.stm32cube.ide.mcu.externaltools.gnu-tools-for-stm32.14.3.rel1.win32_1.0.100.202602081740/tools/bin/../lib/gcc/arm-none-eabi/14.3.1/thumb/v7e-m+fp/hard\libgcc.a(_udivmoddi4.o)
                0x08004158                        __exidx_end = .
                0x08004158                        . = ALIGN (0x4)

.preinit_array  0x08004158        0x0
                0x08004158                        . = ALIGN (0x4)
                0x08004158                        PROVIDE (__preinit_array_start = .)
 *(.preinit_array*)
                0x08004158                        PROVIDE (__preinit_array_end = .)
                0x08004158                        . = ALIGN (0x4)

.init_array     0x08004158        0x4
                0x08004158                        . = ALIGN (0x4)
                0x08004158                        PROVIDE (__init_array_start = .)
 *(SORT_BY_NAME(.init_array.*))
 *(.init_array*)
 .init_array    0x08004158        0x4 C:/ST/STM32CubeIDE_2.1.1/STM32CubeIDE/plugins/com.st.stm32cube.ide.mcu.externaltools.gnu-tools-for-stm32.14.3.rel1.win32_1.0.100.202602081740/tools/bin/../lib/gcc/arm-none-eabi/14.3.1/thumb/v7e-m+fp/hard/crtbegin.o
                0x0800415c                        PROVIDE (__init_array_end = .)
                0x0800415c                        . = ALIGN (0x4)

.fini_array     0x0800415c        0x4
                0x0800415c                        . = ALIGN (0x4)
                [!provide]                        PROVIDE (__fini_array_start = .)
 *(SORT_BY_NAME(.fini_array.*))
 *(.fini_array*)
 .fini_array    0x0800415c        0x4 C:/ST/STM32CubeIDE_2.1.1/STM32CubeIDE/plugins/com.st.stm32cube.ide.mcu.externaltools.gnu-tools-for-stm32.14.3.rel1.win32_1.0.100.202602081740/tools/bin/../lib/gcc/arm-none-eabi/14.3.1/thumb/v7e-m+fp/hard/crtbegin.o
                [!provide]                        PROVIDE (__fini_array_end = .)
                0x08004160                        . = ALIGN (0x4)
                0x08004160                        _sidata = LOADADDR (.data)

.rel.dyn        0x08004160        0x0
 .rel.iplt      0x08004160        0x0 C:/ST/STM32CubeIDE_2.1.1/STM32CubeIDE/plugins/com.st.stm32cube.ide.mcu.externaltools.gnu-tools-for-stm32.14.3.rel1.win32_1.0.100.202602081740/tools/bin/../lib/gcc/arm-none-eabi/14.3.1/thumb/v7e-m+fp/hard/crtbegin.o

.data           0x20000000        0xc load address 0x08004160
                0x20000000                        . = ALIGN (0x4)
                0x20000000                        _sdata = .
 *(.data)
 *(.data*)
 .data.SystemCoreClock
                0x20000000        0x4 ./Core/Src/system_stm32g4xx.o
                0x20000000                SystemCoreClock
 .data.uwTickPrio
                0x20000004        0x4 ./Drivers/STM32G4xx_HAL_Driver/Src/stm32g4xx_hal.o
                0x20000004                uwTickPrio
 .data.uwTickFreq
                0x20000008        0x4 ./Drivers/STM32G4xx_HAL_Driver/Src/stm32g4xx_hal.o
                0x20000008                uwTickFreq
 *(.RamFunc)
 *(.RamFunc*)
                0x2000000c                        . = ALIGN (0x4)
                0x2000000c                        _edata = .

.igot.plt       0x2000000c        0x0 load address 0x0800416c
 .igot.plt      0x2000000c        0x0 C:/ST/STM32CubeIDE_2.1.1/STM32CubeIDE/plugins/com.st.stm32cube.ide.mcu.externaltools.gnu-tools-for-stm32.14.3.rel1.win32_1.0.100.202602081740/tools/bin/../lib/gcc/arm-none-eabi/14.3.1/thumb/v7e-m+fp/hard/crtbegin.o
                0x2000000c                        . = ALIGN (0x4)

.bss            0x2000000c      0x138 load address 0x0800416c
                0x2000000c                        _sbss = .
                0x2000000c                        __bss_start__ = _sbss
 *(.bss)
 .bss           0x2000000c       0x1c C:/ST/STM32CubeIDE_2.1.1/STM32CubeIDE/plugins/com.st.stm32cube.ide.mcu.externaltools.gnu-tools-for-stm32.14.3.rel1.win32_1.0.100.202602081740/tools/bin/../lib/gcc/arm-none-eabi/14.3.1/thumb/v7e-m+fp/hard/crtbegin.o
 *(.bss*)
 .bss.fsm       0x20000028       0x28 ./Core/Src/fsm_logic.o
 .bss.servo_timer
                0x20000050        0xc ./Core/Src/main.o
                0x20000050                servo_timer
 .bss.led_rosso
                0x2000005c       0x10 ./Core/Src/main.o
                0x2000005c                led_rosso
 .bss.led_giallo
                0x2000006c       0x10 ./Core/Src/main.o
                0x2000006c                led_giallo
 .bss.led_verde
                0x2000007c       0x10 ./Core/Src/main.o
                0x2000007c                led_verde
 .bss.button    0x2000008c       0x10 ./Core/Src/main.o
                0x2000008c                button
 .bss.timer     0x2000009c        0xc ./Core/Src/main.o
                0x2000009c                timer
 .bss.htim2     0x200000a8       0x4c ./Core/Src/tim.o
                0x200000a8                htim2
 .bss.htim6     0x200000f4       0x4c ./Core/Src/tim.o
                0x200000f4                htim6
 .bss.uwTick    0x20000140        0x4 ./Drivers/STM32G4xx_HAL_Driver/Src/stm32g4xx_hal.o
                0x20000140                uwTick
 *(COMMON)
                0x20000144                        . = ALIGN (0x4)
                0x20000144                        _ebss = .
                0x20000144                        __bss_end__ = _ebss

._user_heap_stack
                0x20000144      0x604 load address 0x0800416c
                0x20000148                        . = ALIGN (0x8)
 *fill*         0x20000144        0x4 
                [!provide]                        PROVIDE (end = .)
                0x20000148                        PROVIDE (_end = .)
                0x20000348                        . = (. + _Min_Heap_Size)
 *fill*         0x20000148      0x200 
                0x20000748                        . = (. + _Min_Stack_Size)
 *fill*         0x20000348      0x400 
                0x20000748                        . = ALIGN (0x8)

/DISCARD/
 libc.a(*)
 libm.a(*)
 libgcc.a(*)

.ARM.attributes
                0x00000000       0x30
 *(.ARM.attributes)
 .ARM.attributes
                0x00000000       0x22 C:/ST/STM32CubeIDE_2.1.1/STM32CubeIDE/plugins/com.st.stm32cube.ide.mcu.externaltools.gnu-tools-for-stm32.14.3.rel1.win32_1.0.100.202602081740/tools/bin/../lib/gcc/arm-none-eabi/14.3.1/thumb/v7e-m+fp/hard/crti.o
 .ARM.attributes
                0x00000022       0x34 C:/ST/STM32CubeIDE_2.1.1/STM32CubeIDE/plugins/com.st.stm32cube.ide.mcu.externaltools.gnu-tools-for-stm32.14.3.rel1.win32_1.0.100.202602081740/tools/bin/../lib/gcc/arm-none-eabi/14.3.1/thumb/v7e-m+fp/hard/crtbegin.o
 .ARM.attributes
                0x00000056       0x34 ./Core/Src/button.o
 .ARM.attributes
                0x0000008a       0x34 ./Core/Src/fsm_logic.o
 .ARM.attributes
                0x000000be       0x34 ./Core/Src/gpio.o
 .ARM.attributes
                0x000000f2       0x34 ./Core/Src/led.o
 .ARM.attributes
                0x00000126       0x34 ./Core/Src/main.o
 .ARM.attributes
                0x0000015a       0x34 ./Core/Src/stm32g4xx_hal_msp.o
 .ARM.attributes
                0x0000018e       0x34 ./Core/Src/stm32g4xx_it.o
 .ARM.attributes
                0x000001c2       0x34 ./Core/Src/system_stm32g4xx.o
 .ARM.attributes
                0x000001f6       0x34 ./Core/Src/tim.o
 .ARM.attributes
                0x0000022a       0x34 ./Core/Src/timer.o
 .ARM.attributes
                0x0000025e       0x21 ./Core/Startup/startup_stm32g474retx.o
 .ARM.attributes
                0x0000027f       0x34 ./Drivers/STM32G4xx_HAL_Driver/Src/stm32g4xx_hal.o
 .ARM.attributes
                0x000002b3       0x34 ./Drivers/STM32G4xx_HAL_Driver/Src/stm32g4xx_hal_cortex.o
 .ARM.attributes
                0x000002e7       0x34 ./Drivers/STM32G4xx_HAL_Driver/Src/stm32g4xx_hal_gpio.o
 .ARM.attributes
                0x0000031b       0x34 ./Drivers/STM32G4xx_HAL_Driver/Src/stm32g4xx_hal_pwr_ex.o
 .ARM.attributes
                0x0000034f       0x34 ./Drivers/STM32G4xx_HAL_Driver/Src/stm32g4xx_hal_rcc.o
 .ARM.attributes
                0x00000383       0x34 ./Drivers/STM32G4xx_HAL_Driver/Src/stm32g4xx_hal_tim.o
 .ARM.attributes
                0x000003b7       0x34 ./Drivers/STM32G4xx_HAL_Driver/Src/stm32g4xx_hal_tim_ex.o
 .ARM.attributes
                0x000003eb       0x34 C:/ST/STM32CubeIDE_2.1.1/STM32CubeIDE/plugins/com.st.stm32cube.ide.mcu.externaltools.gnu-tools-for-stm32.14.3.rel1.win32_1.0.100.202602081740/tools/bin/../lib/gcc/arm-none-eabi/14.3.1/../../../../arm-none-eabi/lib/thumb/v7e-m+fp/hard\libc_nano.a(libc_a-memset.o)
 .ARM.attributes
                0x0000041f       0x34 C:/ST/STM32CubeIDE_2.1.1/STM32CubeIDE/plugins/com.st.stm32cube.ide.mcu.externaltools.gnu-tools-for-stm32.14.3.rel1.win32_1.0.100.202602081740/tools/bin/../lib/gcc/arm-none-eabi/14.3.1/../../../../arm-none-eabi/lib/thumb/v7e-m+fp/hard\libc_nano.a(libc_a-init.o)
 .ARM.attributes
                0x00000453       0x22 C:/ST/STM32CubeIDE_2.1.1/STM32CubeIDE/plugins/com.st.stm32cube.ide.mcu.externaltools.gnu-tools-for-stm32.14.3.rel1.win32_1.0.100.202602081740/tools/bin/../lib/gcc/arm-none-eabi/14.3.1/thumb/v7e-m+fp/hard\libgcc.a(_aeabi_uldivmod.o)
 .ARM.attributes
                0x00000475       0x34 C:/ST/STM32CubeIDE_2.1.1/STM32CubeIDE/plugins/com.st.stm32cube.ide.mcu.externaltools.gnu-tools-for-stm32.14.3.rel1.win32_1.0.100.202602081740/tools/bin/../lib/gcc/arm-none-eabi/14.3.1/thumb/v7e-m+fp/hard\libgcc.a(_udivmoddi4.o)
 .ARM.attributes
                0x000004a9       0x22 C:/ST/STM32CubeIDE_2.1.1/STM32CubeIDE/plugins/com.st.stm32cube.ide.mcu.externaltools.gnu-tools-for-stm32.14.3.rel1.win32_1.0.100.202602081740/tools/bin/../lib/gcc/arm-none-eabi/14.3.1/thumb/v7e-m+fp/hard\libgcc.a(_dvmd_tls.o)
 .ARM.attributes
                0x000004cb       0x22 C:/ST/STM32CubeIDE_2.1.1/STM32CubeIDE/plugins/com.st.stm32cube.ide.mcu.externaltools.gnu-tools-for-stm32.14.3.rel1.win32_1.0.100.202602081740/tools/bin/../lib/gcc/arm-none-eabi/14.3.1/thumb/v7e-m+fp/hard/crtn.o
OUTPUT(lanternasemaforicaconServoMotore.elf elf32-littlearm)
LOAD linker stubs
LOAD C:/ST/STM32CubeIDE_2.1.1/STM32CubeIDE/plugins/com.st.stm32cube.ide.mcu.externaltools.gnu-tools-for-stm32.14.3.rel1.win32_1.0.100.202602081740/tools/bin/../lib/gcc/arm-none-eabi/14.3.1/../../../../arm-none-eabi/lib/thumb/v7e-m+fp/hard\libc.a
LOAD C:/ST/STM32CubeIDE_2.1.1/STM32CubeIDE/plugins/com.st.stm32cube.ide.mcu.externaltools.gnu-tools-for-stm32.14.3.rel1.win32_1.0.100.202602081740/tools/bin/../lib/gcc/arm-none-eabi/14.3.1/../../../../arm-none-eabi/lib/thumb/v7e-m+fp/hard\libm.a
LOAD C:/ST/STM32CubeIDE_2.1.1/STM32CubeIDE/plugins/com.st.stm32cube.ide.mcu.externaltools.gnu-tools-for-stm32.14.3.rel1.win32_1.0.100.202602081740/tools/bin/../lib/gcc/arm-none-eabi/14.3.1/thumb/v7e-m+fp/hard\libgcc.a

.debug_info     0x00000000     0xd8f2
 .debug_info    0x00000000      0x4eb ./Core/Src/button.o
 .debug_info    0x000004eb      0xe50 ./Core/Src/fsm_logic.o
 .debug_info    0x0000133b      0x44c ./Core/Src/gpio.o
 .debug_info    0x00001787      0x4c3 ./Core/Src/led.o
 .debug_info    0x00001c4a      0xdbe ./Core/Src/main.o
 .debug_info    0x00002a08      0x2da ./Core/Src/stm32g4xx_hal_msp.o
 .debug_info    0x00002ce2      0x890 ./Core/Src/stm32g4xx_it.o
 .debug_info    0x00003572      0x58e ./Core/Src/system_stm32g4xx.o
 .debug_info    0x00003b00     0x1167 ./Core/Src/tim.o
 .debug_info    0x00004c67      0xc37 ./Core/Src/timer.o
 .debug_info    0x0000589e       0x30 ./Core/Startup/startup_stm32g474retx.o
 .debug_info    0x000058ce      0xb95 ./Drivers/STM32G4xx_HAL_Driver/Src/stm32g4xx_hal.o
 .debug_info    0x00006463      0xdf9 ./Drivers/STM32G4xx_HAL_Driver/Src/stm32g4xx_hal_cortex.o
 .debug_info    0x0000725c      0x772 ./Drivers/STM32G4xx_HAL_Driver/Src/stm32g4xx_hal_gpio.o
 .debug_info    0x000079ce      0x944 ./Drivers/STM32G4xx_HAL_Driver/Src/stm32g4xx_hal_pwr_ex.o
 .debug_info    0x00008312      0xbf9 ./Drivers/STM32G4xx_HAL_Driver/Src/stm32g4xx_hal_rcc.o
 .debug_info    0x00008f0b     0x2c52 ./Drivers/STM32G4xx_HAL_Driver/Src/stm32g4xx_hal_tim.o
 .debug_info    0x0000bb5d     0x1d95 ./Drivers/STM32G4xx_HAL_Driver/Src/stm32g4xx_hal_tim_ex.o

.debug_abbrev   0x00000000     0x23d0
 .debug_abbrev  0x00000000      0x1ba ./Core/Src/button.o
 .debug_abbrev  0x000001ba      0x299 ./Core/Src/fsm_logic.o
 .debug_abbrev  0x00000453      0x159 ./Core/Src/gpio.o
 .debug_abbrev  0x000005ac      0x1b9 ./Core/Src/led.o
 .debug_abbrev  0x00000765      0x28a ./Core/Src/main.o
 .debug_abbrev  0x000009ef       0xd9 ./Core/Src/stm32g4xx_hal_msp.o
 .debug_abbrev  0x00000ac8      0x1c4 ./Core/Src/stm32g4xx_it.o
 .debug_abbrev  0x00000c8c      0x11a ./Core/Src/system_stm32g4xx.o
 .debug_abbrev  0x00000da6      0x244 ./Core/Src/tim.o
 .debug_abbrev  0x00000fea      0x202 ./Core/Src/timer.o
 .debug_abbrev  0x000011ec       0x24 ./Core/Startup/startup_stm32g474retx.o
 .debug_abbrev  0x00001210      0x271 ./Drivers/STM32G4xx_HAL_Driver/Src/stm32g4xx_hal.o
 .debug_abbrev  0x00001481      0x31c ./Drivers/STM32G4xx_HAL_Driver/Src/stm32g4xx_hal_cortex.o
 .debug_abbrev  0x0000179d      0x1d2 ./Drivers/STM32G4xx_HAL_Driver/Src/stm32g4xx_hal_gpio.o
 .debug_abbrev  0x0000196f      0x22c ./Drivers/STM32G4xx_HAL_Driver/Src/stm32g4xx_hal_pwr_ex.o
 .debug_abbrev  0x00001b9b      0x2c9 ./Drivers/STM32G4xx_HAL_Driver/Src/stm32g4xx_hal_rcc.o
 .debug_abbrev  0x00001e64      0x2a7 ./Drivers/STM32G4xx_HAL_Driver/Src/stm32g4xx_hal_tim.o
 .debug_abbrev  0x0000210b      0x2c5 ./Drivers/STM32G4xx_HAL_Driver/Src/stm32g4xx_hal_tim_ex.o

.debug_aranges  0x00000000      0xdd0
 .debug_aranges
                0x00000000       0x60 ./Core/Src/button.o
 .debug_aranges
                0x00000060       0x60 ./Core/Src/fsm_logic.o
 .debug_aranges
                0x000000c0       0x20 ./Core/Src/gpio.o
 .debug_aranges
                0x000000e0       0x68 ./Core/Src/led.o
 .debug_aranges
                0x00000148       0x30 ./Core/Src/main.o
 .debug_aranges
                0x00000178       0x20 ./Core/Src/stm32g4xx_hal_msp.o
 .debug_aranges
                0x00000198       0x70 ./Core/Src/stm32g4xx_it.o
 .debug_aranges
                0x00000208       0x28 ./Core/Src/system_stm32g4xx.o
 .debug_aranges
                0x00000230       0x40 ./Core/Src/tim.o
 .debug_aranges
                0x00000270       0x78 ./Core/Src/timer.o
 .debug_aranges
                0x000002e8       0x28 ./Core/Startup/startup_stm32g474retx.o
 .debug_aranges
                0x00000310      0x148 ./Drivers/STM32G4xx_HAL_Driver/Src/stm32g4xx_hal.o
 .debug_aranges
                0x00000458      0x128 ./Drivers/STM32G4xx_HAL_Driver/Src/stm32g4xx_hal_cortex.o
 .debug_aranges
                0x00000580       0x58 ./Drivers/STM32G4xx_HAL_Driver/Src/stm32g4xx_hal_gpio.o
 .debug_aranges
                0x000005d8      0x140 ./Drivers/STM32G4xx_HAL_Driver/Src/stm32g4xx_hal_pwr_ex.o
 .debug_aranges
                0x00000718       0x98 ./Drivers/STM32G4xx_HAL_Driver/Src/stm32g4xx_hal_rcc.o
 .debug_aranges
                0x000007b0      0x3e0 ./Drivers/STM32G4xx_HAL_Driver/Src/stm32g4xx_hal_tim.o
 .debug_aranges
                0x00000b90      0x240 ./Drivers/STM32G4xx_HAL_Driver/Src/stm32g4xx_hal_tim_ex.o

.debug_rnglists
                0x00000000      0xa8c
 .debug_rnglists
                0x00000000       0x44 ./Core/Src/button.o
 .debug_rnglists
                0x00000044       0x49 ./Core/Src/fsm_logic.o
 .debug_rnglists
                0x0000008d       0x14 ./Core/Src/gpio.o
 .debug_rnglists
                0x000000a1       0x49 ./Core/Src/led.o
 .debug_rnglists
                0x000000ea       0x21 ./Core/Src/main.o
 .debug_rnglists
                0x0000010b       0x13 ./Core/Src/stm32g4xx_hal_msp.o
 .debug_rnglists
                0x0000011e       0x4f ./Core/Src/stm32g4xx_it.o
 .debug_rnglists
                0x0000016d       0x1a ./Core/Src/system_stm32g4xx.o
 .debug_rnglists
                0x00000187       0x2d ./Core/Src/tim.o
 .debug_rnglists
                0x000001b4       0x57 ./Core/Src/timer.o
 .debug_rnglists
                0x0000020b       0x19 ./Core/Startup/startup_stm32g474retx.o
 .debug_rnglists
                0x00000224       0xf1 ./Drivers/STM32G4xx_HAL_Driver/Src/stm32g4xx_hal.o
 .debug_rnglists
                0x00000315       0xda ./Drivers/STM32G4xx_HAL_Driver/Src/stm32g4xx_hal_cortex.o
 .debug_rnglists
                0x000003ef       0x3f ./Drivers/STM32G4xx_HAL_Driver/Src/stm32g4xx_hal_gpio.o
 .debug_rnglists
                0x0000042e       0xf1 ./Drivers/STM32G4xx_HAL_Driver/Src/stm32g4xx_hal_pwr_ex.o
 .debug_rnglists
                0x0000051f       0x74 ./Drivers/STM32G4xx_HAL_Driver/Src/stm32g4xx_hal_rcc.o
 .debug_rnglists
                0x00000593      0x32d ./Drivers/STM32G4xx_HAL_Driver/Src/stm32g4xx_hal_tim.o
 .debug_rnglists
                0x000008c0      0x1cc ./Drivers/STM32G4xx_HAL_Driver/Src/stm32g4xx_hal_tim_ex.o

.debug_macro    0x00000000    0x25f37
 .debug_macro   0x00000000      0x1dc ./Core/Src/button.o
 .debug_macro   0x000001dc      0xad8 ./Core/Src/button.o
 .debug_macro   0x00000cb4       0x22 ./Core/Src/button.o
 .debug_macro   0x00000cd6       0x8e ./Core/Src/button.o
 .debug_macro   0x00000d64       0x51 ./Core/Src/button.o
 .debug_macro   0x00000db5      0x103 ./Core/Src/button.o
 .debug_macro   0x00000eb8       0x6a ./Core/Src/button.o
 .debug_macro   0x00000f22      0x1df ./Core/Src/button.o
 .debug_macro   0x00001101      0x155 ./Core/Src/button.o
 .debug_macro   0x00001256       0x2e ./Core/Src/button.o
 .debug_macro   0x00001284       0x28 ./Core/Src/button.o
 .debug_macro   0x000012ac       0x1c ./Core/Src/button.o
 .debug_macro   0x000012c8       0x22 ./Core/Src/button.o
 .debug_macro   0x000012ea       0xfb ./Core/Src/button.o
 .debug_macro   0x000013e5     0x1011 ./Core/Src/button.o
 .debug_macro   0x000023f6      0x11f ./Core/Src/button.o
 .debug_macro   0x00002515    0x18b8c ./Core/Src/button.o
 .debug_macro   0x0001b0a1       0x6d ./Core/Src/button.o
 .debug_macro   0x0001b10e     0x3558 ./Core/Src/button.o
 .debug_macro   0x0001e666      0x190 ./Core/Src/button.o
 .debug_macro   0x0001e7f6       0x5c ./Core/Src/button.o
 .debug_macro   0x0001e852     0x171f ./Core/Src/button.o
 .debug_macro   0x0001ff71      0x600 ./Core/Src/button.o
 .debug_macro   0x00020571      0x1b6 ./Core/Src/button.o
 .debug_macro   0x00020727      0x34a ./Core/Src/button.o
 .debug_macro   0x00020a71      0x53c ./Core/Src/button.o
 .debug_macro   0x00020fad      0x18b ./Core/Src/button.o
 .debug_macro   0x00021138       0x43 ./Core/Src/button.o
 .debug_macro   0x0002117b      0x23d ./Core/Src/button.o
 .debug_macro   0x000213b8      0x211 ./Core/Src/button.o
 .debug_macro   0x000215c9      0x45c ./Core/Src/button.o
 .debug_macro   0x00021a25      0x11c ./Core/Src/button.o
 .debug_macro   0x00021b41      0x122 ./Core/Src/button.o
 .debug_macro   0x00021c63      0x3d1 ./Core/Src/button.o
 .debug_macro   0x00022034      0xc0b ./Core/Src/button.o
 .debug_macro   0x00022c3f      0x718 ./Core/Src/button.o
 .debug_macro   0x00023357      0x358 ./Core/Src/button.o
 .debug_macro   0x000236af       0x34 ./Core/Src/button.o
 .debug_macro   0x000236e3       0x34 ./Core/Src/button.o
 .debug_macro   0x00023717      0x308 ./Core/Src/fsm_logic.o
 .debug_macro   0x00023a1f       0x22 ./Core/Src/fsm_logic.o
 .debug_macro   0x00023a41       0x16 ./Core/Src/fsm_logic.o
 .debug_macro   0x00023a57       0x2a ./Core/Src/fsm_logic.o
 .debug_macro   0x00023a81       0x61 ./Core/Src/fsm_logic.o
 .debug_macro   0x00023ae2       0x43 ./Core/Src/fsm_logic.o
 .debug_macro   0x00023b25       0x34 ./Core/Src/fsm_logic.o
 .debug_macro   0x00023b59       0x16 ./Core/Src/fsm_logic.o
 .debug_macro   0x00023b6f       0x3c ./Core/Src/fsm_logic.o
 .debug_macro   0x00023bab      0x364 ./Core/Src/fsm_logic.o
 .debug_macro   0x00023f0f       0x16 ./Core/Src/fsm_logic.o
 .debug_macro   0x00023f25       0x4a ./Core/Src/fsm_logic.o
 .debug_macro   0x00023f6f       0x34 ./Core/Src/fsm_logic.o
 .debug_macro   0x00023fa3       0x10 ./Core/Src/fsm_logic.o
 .debug_macro   0x00023fb3       0x58 ./Core/Src/fsm_logic.o
 .debug_macro   0x0002400b       0x8e ./Core/Src/fsm_logic.o
 .debug_macro   0x00024099       0x1c ./Core/Src/fsm_logic.o
 .debug_macro   0x000240b5      0x17e ./Core/Src/fsm_logic.o
 .debug_macro   0x00024233       0x16 ./Core/Src/fsm_logic.o
 .debug_macro   0x00024249       0x29 ./Core/Src/fsm_logic.o
 .debug_macro   0x00024272       0x16 ./Core/Src/fsm_logic.o
 .debug_macro   0x00024288       0x16 ./Core/Src/fsm_logic.o
 .debug_macro   0x0002429e      0x1d3 ./Core/Src/gpio.o
 .debug_macro   0x00024471      0x1e2 ./Core/Src/led.o
 .debug_macro   0x00024653      0x2fa ./Core/Src/main.o
 .debug_macro   0x0002494d      0x1c9 ./Core/Src/stm32g4xx_hal_msp.o
 .debug_macro   0x00024b16      0x1d3 ./Core/Src/stm32g4xx_it.o
 .debug_macro   0x00024ce9      0x1ba ./Core/Src/system_stm32g4xx.o
 .debug_macro   0x00024ea3      0x1d3 ./Core/Src/tim.o
 .debug_macro   0x00025076      0x1dc ./Core/Src/timer.o
 .debug_macro   0x00025252      0x208 ./Drivers/STM32G4xx_HAL_Driver/Src/stm32g4xx_hal.o
 .debug_macro   0x0002545a      0x1ba ./Drivers/STM32G4xx_HAL_Driver/Src/stm32g4xx_hal_cortex.o
 .debug_macro   0x00025614      0x1c1 ./Drivers/STM32G4xx_HAL_Driver/Src/stm32g4xx_hal_gpio.o
 .debug_macro   0x000257d5      0x1e4 ./Drivers/STM32G4xx_HAL_Driver/Src/stm32g4xx_hal_pwr_ex.o
 .debug_macro   0x000259b9      0x1fc ./Drivers/STM32G4xx_HAL_Driver/Src/stm32g4xx_hal_rcc.o
 .debug_macro   0x00025bb5      0x1c2 ./Drivers/STM32G4xx_HAL_Driver/Src/stm32g4xx_hal_tim.o
 .debug_macro   0x00025d77      0x1c0 ./Drivers/STM32G4xx_HAL_Driver/Src/stm32g4xx_hal_tim_ex.o

.debug_line     0x00000000     0xfa1d
 .debug_line    0x00000000      0x8d2 ./Core/Src/button.o
 .debug_line    0x000008d2      0xcad ./Core/Src/fsm_logic.o
 .debug_line    0x0000157f      0x74a ./Core/Src/gpio.o
 .debug_line    0x00001cc9      0x8b0 ./Core/Src/led.o
 .debug_line    0x00002579      0x9b3 ./Core/Src/main.o
 .debug_line    0x00002f2c      0x733 ./Core/Src/stm32g4xx_hal_msp.o
 .debug_line    0x0000365f      0x811 ./Core/Src/stm32g4xx_it.o
 .debug_line    0x00003e70      0x79f ./Core/Src/system_stm32g4xx.o
 .debug_line    0x0000460f      0x86f ./Core/Src/tim.o
 .debug_line    0x00004e7e      0x9a7 ./Core/Src/timer.o
 .debug_line    0x00005825       0x7b ./Core/Startup/startup_stm32g474retx.o
 .debug_line    0x000058a0      0xb6e ./Drivers/STM32G4xx_HAL_Driver/Src/stm32g4xx_hal.o
 .debug_line    0x0000640e      0xcd0 ./Drivers/STM32G4xx_HAL_Driver/Src/stm32g4xx_hal_cortex.o
 .debug_line    0x000070de      0xb57 ./Drivers/STM32G4xx_HAL_Driver/Src/stm32g4xx_hal_gpio.o
 .debug_line    0x00007c35      0xcca ./Drivers/STM32G4xx_HAL_Driver/Src/stm32g4xx_hal_pwr_ex.o
 .debug_line    0x000088ff      0xfee ./Drivers/STM32G4xx_HAL_Driver/Src/stm32g4xx_hal_rcc.o
 .debug_line    0x000098ed     0x40be ./Drivers/STM32G4xx_HAL_Driver/Src/stm32g4xx_hal_tim.o
 .debug_line    0x0000d9ab     0x2072 ./Drivers/STM32G4xx_HAL_Driver/Src/stm32g4xx_hal_tim_ex.o

.debug_str      0x00000000    0xf4d59
 .debug_str     0x00000000    0xf4d59 ./Core/Src/button.o
                              0xed99a (size before relaxing)
 .debug_str     0x000f4d59    0xf14d5 ./Core/Src/fsm_logic.o
 .debug_str     0x000f4d59    0xed94e ./Core/Src/gpio.o
 .debug_str     0x000f4d59    0xed919 ./Core/Src/led.o
 .debug_str     0x000f4d59    0xf14b2 ./Core/Src/main.o
 .debug_str     0x000f4d59    0xed8a4 ./Core/Src/stm32g4xx_hal_msp.o
 .debug_str     0x000f4d59    0xede18 ./Core/Src/stm32g4xx_it.o
 .debug_str     0x000f4d59    0xed88a ./Core/Src/system_stm32g4xx.o
 .debug_str     0x000f4d59    0xee7e7 ./Core/Src/tim.o
 .debug_str     0x000f4d59    0xedf4a ./Core/Src/timer.o
 .debug_str     0x000f4d59       0xc7 ./Core/Startup/startup_stm32g474retx.o
 .debug_str     0x000f4d59    0xee59c ./Drivers/STM32G4xx_HAL_Driver/Src/stm32g4xx_hal.o
 .debug_str     0x000f4d59    0xee258 ./Drivers/STM32G4xx_HAL_Driver/Src/stm32g4xx_hal_cortex.o
 .debug_str     0x000f4d59    0xeda15 ./Drivers/STM32G4xx_HAL_Driver/Src/stm32g4xx_hal_gpio.o
 .debug_str     0x000f4d59    0xedd78 ./Drivers/STM32G4xx_HAL_Driver/Src/stm32g4xx_hal_pwr_ex.o
 .debug_str     0x000f4d59    0xedfa9 ./Drivers/STM32G4xx_HAL_Driver/Src/stm32g4xx_hal_rcc.o
 .debug_str     0x000f4d59    0xeed88 ./Drivers/STM32G4xx_HAL_Driver/Src/stm32g4xx_hal_tim.o
 .debug_str     0x000f4d59    0xee9fc ./Drivers/STM32G4xx_HAL_Driver/Src/stm32g4xx_hal_tim_ex.o

.comment        0x00000000       0x43
 .comment       0x00000000       0x43 ./Core/Src/button.o
                                 0x44 (size before relaxing)
 .comment       0x00000043       0x44 ./Core/Src/fsm_logic.o
 .comment       0x00000043       0x44 ./Core/Src/gpio.o
 .comment       0x00000043       0x44 ./Core/Src/led.o
 .comment       0x00000043       0x44 ./Core/Src/main.o
 .comment       0x00000043       0x44 ./Core/Src/stm32g4xx_hal_msp.o
 .comment       0x00000043       0x44 ./Core/Src/stm32g4xx_it.o
 .comment       0x00000043       0x44 ./Core/Src/system_stm32g4xx.o
 .comment       0x00000043       0x44 ./Core/Src/tim.o
 .comment       0x00000043       0x44 ./Core/Src/timer.o
 .comment       0x00000043       0x44 ./Drivers/STM32G4xx_HAL_Driver/Src/stm32g4xx_hal.o
 .comment       0x00000043       0x44 ./Drivers/STM32G4xx_HAL_Driver/Src/stm32g4xx_hal_cortex.o
 .comment       0x00000043       0x44 ./Drivers/STM32G4xx_HAL_Driver/Src/stm32g4xx_hal_gpio.o
 .comment       0x00000043       0x44 ./Drivers/STM32G4xx_HAL_Driver/Src/stm32g4xx_hal_pwr_ex.o
 .comment       0x00000043       0x44 ./Drivers/STM32G4xx_HAL_Driver/Src/stm32g4xx_hal_rcc.o
 .comment       0x00000043       0x44 ./Drivers/STM32G4xx_HAL_Driver/Src/stm32g4xx_hal_tim.o
 .comment       0x00000043       0x44 ./Drivers/STM32G4xx_HAL_Driver/Src/stm32g4xx_hal_tim_ex.o

.debug_frame    0x00000000     0x35ac
 .debug_frame   0x00000000      0x154 ./Core/Src/button.o
 .debug_frame   0x00000154      0x154 ./Core/Src/fsm_logic.o
 .debug_frame   0x000002a8       0x34 ./Core/Src/gpio.o
 .debug_frame   0x000002dc      0x178 ./Core/Src/led.o
 .debug_frame   0x00000454       0x70 ./Core/Src/main.o
 .debug_frame   0x000004c4       0x34 ./Core/Src/stm32g4xx_hal_msp.o
 .debug_frame   0x000004f8      0x130 ./Core/Src/stm32g4xx_it.o
 .debug_frame   0x00000628       0x50 ./Core/Src/system_stm32g4xx.o
 .debug_frame   0x00000678       0xc4 ./Core/Src/tim.o
 .debug_frame   0x0000073c      0x1d8 ./Core/Src/timer.o
 .debug_frame   0x00000914      0x480 ./Drivers/STM32G4xx_HAL_Driver/Src/stm32g4xx_hal.o
 .debug_frame   0x00000d94      0x49c ./Drivers/STM32G4xx_HAL_Driver/Src/stm32g4xx_hal_cortex.o
 .debug_frame   0x00001230      0x130 ./Drivers/STM32G4xx_HAL_Driver/Src/stm32g4xx_hal_gpio.o
 .debug_frame   0x00001360      0x46c ./Drivers/STM32G4xx_HAL_Driver/Src/stm32g4xx_hal_pwr_ex.o
 .debug_frame   0x000017cc      0x218 ./Drivers/STM32G4xx_HAL_Driver/Src/stm32g4xx_hal_rcc.o
 .debug_frame   0x000019e4     0x1148 ./Drivers/STM32G4xx_HAL_Driver/Src/stm32g4xx_hal_tim.o
 .debug_frame   0x00002b2c      0x9d4 ./Drivers/STM32G4xx_HAL_Driver/Src/stm32g4xx_hal_tim_ex.o
 .debug_frame   0x00003500       0x20 C:/ST/STM32CubeIDE_2.1.1/STM32CubeIDE/plugins/com.st.stm32cube.ide.mcu.externaltools.gnu-tools-for-stm32.14.3.rel1.win32_1.0.100.202602081740/tools/bin/../lib/gcc/arm-none-eabi/14.3.1/../../../../arm-none-eabi/lib/thumb/v7e-m+fp/hard\libc_nano.a(libc_a-memset.o)
 .debug_frame   0x00003520       0x2c C:/ST/STM32CubeIDE_2.1.1/STM32CubeIDE/plugins/com.st.stm32cube.ide.mcu.externaltools.gnu-tools-for-stm32.14.3.rel1.win32_1.0.100.202602081740/tools/bin/../lib/gcc/arm-none-eabi/14.3.1/../../../../arm-none-eabi/lib/thumb/v7e-m+fp/hard\libc_nano.a(libc_a-init.o)
 .debug_frame   0x0000354c       0x2c C:/ST/STM32CubeIDE_2.1.1/STM32CubeIDE/plugins/com.st.stm32cube.ide.mcu.externaltools.gnu-tools-for-stm32.14.3.rel1.win32_1.0.100.202602081740/tools/bin/../lib/gcc/arm-none-eabi/14.3.1/thumb/v7e-m+fp/hard\libgcc.a(_aeabi_uldivmod.o)
 .debug_frame   0x00003578       0x34 C:/ST/STM32CubeIDE_2.1.1/STM32CubeIDE/plugins/com.st.stm32cube.ide.mcu.externaltools.gnu-tools-for-stm32.14.3.rel1.win32_1.0.100.202602081740/tools/bin/../lib/gcc/arm-none-eabi/14.3.1/thumb/v7e-m+fp/hard\libgcc.a(_udivmoddi4.o)

.debug_line_str
                0x00000000       0xab
 .debug_line_str
                0x00000000       0xab ./Core/Startup/startup_stm32g474retx.o
