17:38:38 **** Incremental Build of configuration Debug for project ESE1CODA ****
make -j14 all 
arm-none-eabi-gcc "../Core/Src/main.c" -mcpu=cortex-m4 -std=gnu11 -g3 -DDEBUG -DUSE_HAL_DRIVER -DSTM32G474xx -c -I../Core/Inc -I../Drivers/STM32G4xx_HAL_Driver/Inc -I../Drivers/STM32G4xx_HAL_Driver/Inc/Legacy -I../Drivers/CMSIS/Device/ST/STM32G4xx/Include -I../Drivers/CMSIS/Include -O0 -ffunction-sections -fdata-sections -Wall -fstack-usage -fcyclomatic-complexity -MMD -MP -MF"Core/Src/main.d" -MT"Core/Src/main.o" --specs=nano.specs -mfpu=fpv4-sp-d16 -mfloat-abi=hard -mthumb -o "Core/Src/main.o"
arm-none-eabi-gcc -o "ESE1CODA.elf" @"objects.list"   -mcpu=cortex-m4 -T"C:\Users\frank\Documents\Uni\Embedded\project location\recapEsercizi\interrupt\ESE1CODA\STM32G474RETX_FLASH.ld" --specs=nosys.specs -Wl,-Map="ESE1CODA.map" -Wl,--gc-sections -static --specs=nano.specs -mfpu=fpv4-sp-d16 -mfloat-abi=hard -mthumb -Wl,--start-group -lc -lm -Wl,--end-group
Finished building target: ESE1CODA.elf
 
arm-none-eabi-size  ESE1CODA.elf 
arm-none-eabi-objdump -h -S ESE1CODA.elf  > "ESE1CODA.list"
   text	   data	    bss	    dec	    hex	filename
   6704	     12	   1612	   8328	   2088	ESE1CODA.elf
Finished building: default.size.stdout
 
Finished building: ESE1CODA.list
 

17:38:39 Build Finished. 0 errors, 0 warnings. (took 819ms)

