15:09:46 **** Incremental Build of configuration Debug for project ESE2_interrupt ****
make -j14 all 
arm-none-eabi-gcc "../Core/Src/stm32g4xx_it.c" -mcpu=cortex-m4 -std=gnu11 -g3 -DDEBUG -DUSE_HAL_DRIVER -DSTM32G474xx -c -I../Core/Inc -I../Drivers/STM32G4xx_HAL_Driver/Inc -I../Drivers/STM32G4xx_HAL_Driver/Inc/Legacy -I../Drivers/CMSIS/Device/ST/STM32G4xx/Include -I../Drivers/CMSIS/Include -O0 -ffunction-sections -fdata-sections -Wall -fstack-usage -fcyclomatic-complexity -MMD -MP -MF"Core/Src/stm32g4xx_it.d" -MT"Core/Src/stm32g4xx_it.o" --specs=nano.specs -mfpu=fpv4-sp-d16 -mfloat-abi=hard -mthumb -o "Core/Src/stm32g4xx_it.o"
arm-none-eabi-gcc -o "ESE2_interrupt.elf" @"objects.list"   -mcpu=cortex-m4 -T"C:\Users\frank\Documents\Uni\Embedded\project location\recapEsercizi\interrupt\ESE2_interrupt\STM32G474RETX_FLASH.ld" --specs=nosys.specs -Wl,-Map="ESE2_interrupt.map" -Wl,--gc-sections -static --specs=nano.specs -mfpu=fpv4-sp-d16 -mfloat-abi=hard -mthumb -Wl,--start-group -lc -lm -Wl,--end-group
Finished building target: ESE2_interrupt.elf
 
arm-none-eabi-size  ESE2_interrupt.elf 
arm-none-eabi-objdump -h -S ESE2_interrupt.elf  > "ESE2_interrupt.list"
   text	   data	    bss	    dec	    hex	filename
   6060	     16	   1576	   7652	   1de4	ESE2_interrupt.elf
Finished building: default.size.stdout
 
Finished building: ESE2_interrupt.list
 

15:09:47 Build Finished. 0 errors, 0 warnings. (took 766ms)

